======================    Frontend    =====================
Starting parsing... finished!
Starting renaming... finished!
Starting type checking... finished!
======================    Backend     =====================
Starting gir generation... finished!
Starting arm translation... finished!
Starting widget generation... finished!
Starting arm printing... finished!
===========================================================
Finished with exit code 0