 1
 2
 3
 4
 5
 6
 7
 8
 9
10
11
12
13
# Assignment is legal when assigning array (even of unknown type) in nested pair extraction
# Thanks to Kristina Zimina for catching this

# Output:

# Program:

begin
  pair(int, int) p = newpair(4, 5);
  pair(pair, int) q = newpair(p, 6);
  fst fst q = []
end
 